// Jest Snapshot v1, https://goo.gl/fbAQLP

exports[`<App/> matches the snapshot 1`] = `
<DocumentFragment>
  <div>
    <h1>
      React App
    </h1>
    <h1
      data-testid="counter"
    >
      0
    </h1>
    <button
      data-testid="button-up"
    >
      Up
    </button>
    <button
      data-testid="button-down"
      disabled=""
    >
      Down
    </button>
  </div>
</DocumentFragment>
`;
